\BOOKMARK [0][-]{chapter.1}{\376\377\230\171\166\356\151\202\217\360\116\016\166\356\150\007}{}% 1
\BOOKMARK [1][-]{section.1.1}{\376\377\230\171\166\356\200\314\146\157}{chapter.1}% 2
\BOOKMARK [1][-]{section.1.2}{\376\377\127\372\170\100\213\276\213\241\166\356\150\007}{chapter.1}% 3
\BOOKMARK [1][-]{section.1.3}{\376\377\142\151\134\125\213\276\213\241\166\356\150\007}{chapter.1}% 4
\BOOKMARK [1][-]{section.1.4}{\376\377\142\245\124\112\145\164\117\123\176\323\147\204\213\364\146\016}{chapter.1}% 5
\BOOKMARK [0][-]{chapter.2}{\376\377\230\171\166\356\145\271\150\110}{}% 6
\BOOKMARK [1][-]{section.2.1}{\376\377\145\164\117\123\213\276\213\241\140\035\215\357}{chapter.2}% 7
\BOOKMARK [1][-]{section.2.2}{\376\377\174\373\176\337\135\345\117\134\123\237\164\006}{chapter.2}% 8
\BOOKMARK [1][-]{section.2.3}{\376\377\145\271\150\110\220\011\127\213\213\272\213\301}{chapter.2}% 9
\BOOKMARK [2][-]{subsection.2.3.1}{\376\377\116\073\143\247\202\257\162\107\377\032\000S\000T\000M\0003\0002\000F\0001\0000\0003\000C\0008\000T\0006}{section.2.3}% 10
\BOOKMARK [2][-]{subsection.2.3.2}{\376\377\131\377\140\001\117\040\141\037\126\150\377\032\000M\000P\000U\0006\0000\0005\0000\000\040\000+\000\040\000D\000M\000P}{section.2.3}% 11
\BOOKMARK [2][-]{subsection.2.3.3}{\376\377\165\065\147\072\232\161\122\250\377\032\000T\000B\0006\0006\0001\0002}{section.2.3}% 12
\BOOKMARK [2][-]{subsection.2.3.4}{\376\377\143\247\122\066\173\227\154\325\377\032\116\062\176\247\000\040\000P\000I\000D}{section.2.3}% 13
\BOOKMARK [0][-]{chapter.3}{\376\377\174\373\176\337\170\154\116\366\123\312\217\157\116\366\147\266\147\204}{}% 14
\BOOKMARK [1][-]{section.3.1}{\376\377\174\373\176\337\170\154\116\366\147\266\147\204}{chapter.3}% 15
\BOOKMARK [2][-]{subsection.3.1.1}{\376\377\170\154\116\366\145\164\117\123\150\106\126\376}{section.3.1}% 16
\BOOKMARK [2][-]{subsection.3.1.2}{\376\377\124\004\152\041\127\127\213\346\176\306\213\364\146\016}{section.3.1}% 17
\BOOKMARK [2][-]{subsection.3.1.3}{\376\377\170\154\116\366\137\025\201\032\146\040\134\004\210\150}{section.3.1}% 18
\BOOKMARK [1][-]{section.3.2}{\376\377\174\373\176\337\217\157\116\366\147\266\147\204}{chapter.3}% 19
\BOOKMARK [2][-]{subsection.3.2.1}{\376\377\217\157\116\366\213\276\213\241\140\035\140\363}{section.3.2}% 20
\BOOKMARK [2][-]{subsection.3.2.2}{\376\377\116\073\172\013\136\217\140\073\155\101\172\013\126\376}{section.3.2}% 21
\BOOKMARK [2][-]{subsection.3.2.3}{\376\377\217\157\116\366\122\006\134\102\176\323\147\204}{section.3.2}% 22
\BOOKMARK [2][-]{subsection.3.2.4}{\376\377\150\070\137\303\116\055\145\255\155\101\172\013\126\376}{section.3.2}% 23
\BOOKMARK [2][-]{subsection.3.2.5}{\376\377\174\373\176\337\122\035\131\313\123\026\155\101\172\013}{section.3.2}% 24
\BOOKMARK [0][-]{chapter.4}{\376\377\121\163\225\056\142\200\147\057\123\312\172\013\136\217\213\276\213\241\213\364\146\016}{}% 25
\BOOKMARK [1][-]{section.4.1}{\376\377\150\070\137\303\121\163\225\056\142\200\147\057}{chapter.4}% 26
\BOOKMARK [2][-]{subsection.4.1.1}{\376\377\131\377\140\001\211\343\173\227\142\200\147\057}{section.4.1}% 27
\BOOKMARK [2][-]{subsection.4.1.2}{\376\377\165\065\147\072\214\003\220\037\142\200\147\057}{section.4.1}% 28
\BOOKMARK [2][-]{subsection.4.1.3}{\376\377\177\026\170\001\126\150\155\113\220\037\142\200\147\057}{section.4.1}% 29
\BOOKMARK [2][-]{subsection.4.1.4}{\376\377\225\355\163\257\143\247\122\066\142\200\147\057}{section.4.1}% 30
\BOOKMARK [2][-]{subsection.4.1.5}{\376\377\145\160\143\156\156\344\154\342\142\200\147\057}{section.4.1}% 31
\BOOKMARK [2][-]{subsection.4.1.6}{\376\377\117\116\123\213\117\335\142\244\147\072\122\066}{section.4.1}% 32
\BOOKMARK [1][-]{section.4.2}{\376\377\121\163\225\056\172\013\136\217\213\276\213\241\116\016\211\343\213\373}{chapter.4}% 33
\BOOKMARK [2][-]{subsection.4.2.1}{\376\377\000M\000P\000U\0006\0000\0005\0000\000\040\131\026\220\350\116\055\145\255\147\015\122\241\121\375\145\160}{section.4.2}% 34
\BOOKMARK [2][-]{subsection.4.2.2}{\376\377\166\364\172\313\163\257\000\040\000P\000D\000\040\143\247\122\066\121\375\145\160}{section.4.2}% 35
\BOOKMARK [2][-]{subsection.4.2.3}{\376\377\220\037\136\246\163\257\130\236\221\317\000\040\000P\000I\000\040\143\247\122\066\121\375\145\160}{section.4.2}% 36
\BOOKMARK [2][-]{subsection.4.2.4}{\376\377\133\232\145\366\126\150\177\026\170\001\126\150\152\041\137\017\221\115\177\156}{section.4.2}% 37
\BOOKMARK [2][-]{subsection.4.2.5}{\376\377\165\065\147\072\232\161\122\250\217\223\121\372\121\375\145\160}{section.4.2}% 38
\BOOKMARK [2][-]{subsection.4.2.6}{\376\377\165\065\123\213\221\307\226\306\116\016\156\344\154\342\121\375\145\160}{section.4.2}% 39
\BOOKMARK [0][-]{chapter.5}{\376\377\174\373\176\337\214\003\213\325\217\307\172\013}{}% 40
\BOOKMARK [1][-]{section.5.1}{\376\377\122\006\152\041\127\127\214\003\213\325}{chapter.5}% 41
\BOOKMARK [2][-]{subsection.5.1.1}{\376\377\127\372\170\100\131\026\213\276\214\003\213\325}{section.5.1}% 42
\BOOKMARK [2][-]{subsection.5.1.2}{\376\377\165\065\147\072\232\161\122\250\214\003\213\325}{section.5.1}% 43
\BOOKMARK [2][-]{subsection.5.1.3}{\376\377\177\026\170\001\126\150\155\113\220\037\214\003\213\325}{section.5.1}% 44
\BOOKMARK [2][-]{subsection.5.1.4}{\376\377\117\040\141\037\126\150\214\003\213\325}{section.5.1}% 45
\BOOKMARK [2][-]{subsection.5.1.5}{\376\377\165\065\123\213\221\307\226\306\214\003\213\325}{section.5.1}% 46
\BOOKMARK [1][-]{section.5.2}{\376\377\174\373\176\337\200\124\214\003\116\016\123\302\145\160\145\164\133\232}{chapter.5}% 47
\BOOKMARK [2][-]{subsection.5.2.1}{\376\377\214\003\123\302\123\237\122\031}{section.5.2}% 48
\BOOKMARK [2][-]{subsection.5.2.2}{\376\377\166\364\172\313\163\257\000\040\000P\000D\000\040\123\302\145\160\145\164\133\232}{section.5.2}% 49
\BOOKMARK [2][-]{subsection.5.2.3}{\376\377\220\037\136\246\163\257\000\040\000P\000I\000\040\123\302\145\160\145\164\133\232}{section.5.2}% 50
\BOOKMARK [2][-]{subsection.5.2.4}{\376\377\122\237\200\375\232\214\213\301}{section.5.2}% 51
\BOOKMARK [1][-]{section.5.3}{\376\377\121\170\127\213\225\356\230\230\116\016\211\343\121\263\145\271\154\325}{chapter.5}% 52
\BOOKMARK [2][-]{subsection.5.3.1}{\376\377\225\356\230\230\116\000\377\032\134\017\217\146\124\014\124\021\120\076\120\022\377\014\145\340\154\325\166\364\172\313}{section.5.3}% 53
\BOOKMARK [2][-]{subsection.5.3.2}{\376\377\225\356\230\230\116\214\377\032\217\146\117\123\232\330\230\221\142\226\122\250}{section.5.3}% 54
\BOOKMARK [2][-]{subsection.5.3.3}{\376\377\225\356\230\230\116\011\377\032\134\017\217\146\177\023\141\142\157\002\171\373}{section.5.3}% 55
\BOOKMARK [2][-]{subsection.5.3.4}{\376\377\225\356\230\230\126\333\377\032\177\026\170\001\126\150\145\271\124\021\123\315\124\021}{section.5.3}% 56
\BOOKMARK [2][-]{subsection.5.3.5}{\376\377\225\356\230\230\116\224\377\032\000O\000L\000E\000D\000\040\146\076\171\072\116\161\170\001}{section.5.3}% 57
\BOOKMARK [0][-]{chapter.6}{\376\377\230\171\166\356\140\073\176\323}{}% 58
\BOOKMARK [1][-]{section.6.1}{\376\377\230\171\166\356\133\214\142\020\140\305\121\265}{chapter.6}% 59
\BOOKMARK [1][-]{section.6.2}{\376\377\230\171\166\356\145\066\203\267}{chapter.6}% 60
\BOOKMARK [2][-]{subsection.6.2.1}{\376\377\170\154\116\366\213\244\167\345}{section.6.2}% 61
\BOOKMARK [2][-]{subsection.6.2.2}{\376\377\135\114\121\145\137\017\000\040\000H\000A\000L\000\040\136\223\137\000\123\321}{section.6.2}% 62
\BOOKMARK [2][-]{subsection.6.2.3}{\376\377\143\247\122\066\173\227\154\325\164\006\211\343}{section.6.2}% 63
\BOOKMARK [2][-]{subsection.6.2.4}{\376\377\135\345\172\013\214\003\213\325\140\035\176\364}{section.6.2}% 64
\BOOKMARK [1][-]{section.6.3}{\376\377\116\015\215\263\116\016\134\125\147\033}{chapter.6}% 65
\BOOKMARK [2][-]{subsection.6.3.1}{\376\377\137\123\122\115\134\100\226\120\140\047}{section.6.3}% 66
\BOOKMARK [2][-]{subsection.6.3.2}{\376\377\124\016\176\355\117\030\123\026\145\271\124\021}{section.6.3}% 67
\BOOKMARK [1][-]{section.6.4}{\376\377\157\024\171\072\211\306\230\221\213\364\146\016}{chapter.6}% 68
